// Jest Snapshot v1, https://goo.gl/fbAQLP

exports[`<AboutRoute /> renders 1`] = `
<div
  style={
    Object {
      "textAlign": "center",
    }
  }
>
  <HelmetWrapper
    defer={true}
    encodeSpecialCharacters={true}
  >
    <title>
      About
    </title>
  </HelmetWrapper>
  <p>
    Produced with
     
    <span
      aria-label="heart"
      role="img"
    >
      ❤️
    </span>
    <br />
    <span>
      Tirta Nugraha (dev.nugrata@gmail.com)
    </span>
  </p>
  <p>
    View our contributors list on our
     
    <a
      href="https://github.com/tagraha/react-start"
      rel="noopener noreferrer"
      target="_blank"
    >
      GitHub
    </a>
     
    page.
  </p>
  <p>
    honorable mention
     
    <a
      href="https://github.com/ctrlplusb"
      rel="noopener noreferrer"
      target="_blank"
    >
      ctrlplusb
    </a>
  </p>
</div>
`;
