// Jest Snapshot v1, https://goo.gl/fbAQLP

exports[`<PostRoute /> renders 1`] = `
<ContextProvider
  value={null}
>
  <WithJob(PostRoute)
    asyncDemo={[Function]}
    incrementAction={[Function]}
    store={
      Object {
        "clearActions": [Function],
        "dispatch": [Function],
        "getActions": [Function],
        "getState": [Function],
        "replaceReducer": [Function],
        "subscribe": [Function],
      }
    }
  />
</ContextProvider>
`;
